// Jest Snapshot v1, https://goo.gl/fbAQLP

exports[`guestbook works 1`] = `
Object {
  "asFragment": [Function],
  "baseElement": <body>
    <div>
      <div>
        <form>
          <div>
            <label>
              Guest Name:
              <input
                id="guestName"
                placeholder="Enter Name"
                type="text"
                value=""
              />
            </label>
          </div>
          <label>
            Guest Entry:
            <input
              class="yeah"
              id="entry-box"
              placeholder="Type here"
              type="text"
              value=""
            />
          </label>
          <button
            type="submit"
          >
            Submit
          </button>
          
        </form>
        <p>
          please sign guest book
        </p>
      </div>
    </div>
  </body>,
  "container": <div>
    <div>
      <form>
        <div>
          <label>
            Guest Name:
            <input
              id="guestName"
              placeholder="Enter Name"
              type="text"
              value=""
            />
          </label>
        </div>
        <label>
          Guest Entry:
          <input
            class="yeah"
            id="entry-box"
            placeholder="Type here"
            type="text"
            value=""
          />
        </label>
        <button
          type="submit"
        >
          Submit
        </button>
        
      </form>
      <p>
        please sign guest book
      </p>
    </div>
  </div>,
  "debug": [Function],
  "findAllByAltText": [Function],
  "findAllByDisplayValue": [Function],
  "findAllByLabelText": [Function],
  "findAllByPlaceholderText": [Function],
  "findAllByRole": [Function],
  "findAllByTestId": [Function],
  "findAllByText": [Function],
  "findAllByTitle": [Function],
  "findByAltText": [Function],
  "findByDisplayValue": [Function],
  "findByLabelText": [Function],
  "findByPlaceholderText": [Function],
  "findByRole": [Function],
  "findByTestId": [Function],
  "findByText": [Function],
  "findByTitle": [Function],
  "getAllByAltText": [Function],
  "getAllByDisplayValue": [Function],
  "getAllByLabelText": [Function],
  "getAllByPlaceholderText": [Function],
  "getAllByRole": [Function],
  "getAllByTestId": [Function],
  "getAllByText": [Function],
  "getAllByTitle": [Function],
  "getByAltText": [Function],
  "getByDisplayValue": [Function],
  "getByLabelText": [Function],
  "getByPlaceholderText": [Function],
  "getByRole": [Function],
  "getByTestId": [Function],
  "getByText": [Function],
  "getByTitle": [Function],
  "queryAllByAltText": [Function],
  "queryAllByDisplayValue": [Function],
  "queryAllByLabelText": [Function],
  "queryAllByPlaceholderText": [Function],
  "queryAllByRole": [Function],
  "queryAllByTestId": [Function],
  "queryAllByText": [Function],
  "queryAllByTitle": [Function],
  "queryByAltText": [Function],
  "queryByDisplayValue": [Function],
  "queryByLabelText": [Function],
  "queryByPlaceholderText": [Function],
  "queryByRole": [Function],
  "queryByTestId": [Function],
  "queryByText": [Function],
  "queryByTitle": [Function],
  "rerender": [Function],
  "unmount": [Function],
}
`;
